     VMA      LMA     Size Align Out     In      Symbol
       0        0        0     1 PROVIDE ( NonMaskableInt = DefaultHandler )
       0        0        0     1 PROVIDE ( MemoryManagement = DefaultHandler )
       0        0        0     1 PROVIDE ( BusFault = DefaultHandler )
       0        0        0     1 PROVIDE ( UsageFault = DefaultHandler )
       0        0        0     1 PROVIDE ( SVCall = DefaultHandler )
       0        0        0     1 PROVIDE ( DebugMonitor = DefaultHandler )
       0        0        0     1 PROVIDE ( PendSV = DefaultHandler )
       0        0        0     1 PROVIDE ( SysTick = DefaultHandler )
       0        0        0     1 PROVIDE ( DefaultHandler = DefaultHandler_ )
       0        0        0     1 PROVIDE ( HardFault = HardFault_ )
       0        0        0     1 PROVIDE ( __pre_init = DefaultPreInit )
       0        0        0     1 PROVIDE ( _stack_start = ORIGIN ( RAM ) + LENGTH ( RAM ) )
 8000000  8000000      130     4 .vector_table
 8000000  8000000        4     1         LONG ( _stack_start )
 8000004  8000004        4     4         C:\Users\Andrii\Documents\RUST\ST\rtapp\target\thumbv7m-none-eabi\release\deps\rtapp-b330f2a6c5cdf6bf.rtapp.81043e01-cgu.0.rcgu.o:(.vector_table.reset_vector)
 8000004  8000004        4     1                 __RESET_VECTOR
 8000008  8000008        0     1         __reset_vector = .
 8000008  8000008       38     4         C:\Users\Andrii\Documents\RUST\ST\rtapp\target\thumbv7m-none-eabi\release\deps\rtapp-b330f2a6c5cdf6bf.rtapp.81043e01-cgu.0.rcgu.o:(.vector_table.exceptions)
 8000008  8000008       38     1                 __EXCEPTIONS
 8000040  8000040        0     1         __eexceptions = .
 8000040  8000040       f0     4         C:\Users\Andrii\Documents\RUST\ST\rtapp\target\thumbv7m-none-eabi\release\deps\rtapp-b330f2a6c5cdf6bf.rtapp.81043e01-cgu.0.rcgu.o:(.vector_table.interrupts)
 8000040  8000040       f0     1                 __INTERRUPTS
 8000130  8000130        0     1 PROVIDE ( _stext = ADDR ( .vector_table ) + SIZEOF ( .vector_table ) )
 8000130  8000130     2d44     4 .text
 8000130  8000130       7c     2         C:\Users\Andrii\Documents\RUST\ST\rtapp\target\thumbv7m-none-eabi\release\deps\rtapp-b330f2a6c5cdf6bf.rtapp.81043e01-cgu.0.rcgu.o:(.Reset)
 8000130  8000130        0     1                 $t.36
 8000131  8000131       7c     1                 Reset
 80001ac  80001ac      1cc     2         C:\Users\Andrii\Documents\RUST\ST\rtapp\target\thumbv7m-none-eabi\release\deps\rtapp-b330f2a6c5cdf6bf.rtapp.81043e01-cgu.0.rcgu.o:(.text._ZN106_$LT$display_interface_i2c..I2CInterface$LT$I2C$GT$$u20$as$u20$display_interface..WriteOnlyDataCommand$GT$9send_data17h94f5bd64ad555f59E)
 80001ac  80001ac        0     1                 $t.0
 80001ad  80001ad      1cc     1                 _$LT$display_interface_i2c..I2CInterface$LT$I2C$GT$$u20$as$u20$display_interface..WriteOnlyDataCommand$GT$::send_data::h94f5bd64ad555f59
 8000378  8000378       f6     2         C:\Users\Andrii\Documents\RUST\ST\rtapp\target\thumbv7m-none-eabi\release\deps\rtapp-b330f2a6c5cdf6bf.rtapp.81043e01-cgu.0.rcgu.o:(.text._ZN13stm32f1xx_hal3i2c21I2c$LT$I2C$C$PINS$GT$4init17h8c6cc8fe38ab08f9E)
 8000378  8000378        0     1                 $t.1
 8000379  8000379       f6     1                 stm32f1xx_hal::i2c::I2c$LT$I2C$C$PINS$GT$::init::h8c6cc8fe38ab08f9
 800046e  800046e       26     2         C:\Users\Andrii\Documents\RUST\ST\rtapp\target\thumbv7m-none-eabi\release\deps\rtapp-b330f2a6c5cdf6bf.rtapp.81043e01-cgu.0.rcgu.o:(.text._ZN41_$LT$bool$u20$as$u20$core..fmt..Debug$GT$3fmt17he44668a18b683e29E)
 800046e  800046e        0     1                 $t.2
 800046f  800046f       26     1                 _$LT$bool$u20$as$u20$core..fmt..Debug$GT$::fmt::he44668a18b683e29
 8000494  8000494        4     2         C:\Users\Andrii\Documents\RUST\ST\rtapp\target\thumbv7m-none-eabi\release\deps\rtapp-b330f2a6c5cdf6bf.rtapp.81043e01-cgu.0.rcgu.o:(.text._ZN8cortex_m9interrupt7disable17hbda3928ed253abfaE)
 8000494  8000494        0     1                 $t.3
 8000495  8000495        4     1                 cortex_m::interrupt::disable::hbda3928ed253abfa
 8000498  8000498      254     2         C:\Users\Andrii\Documents\RUST\ST\rtapp\target\thumbv7m-none-eabi\release\deps\rtapp-b330f2a6c5cdf6bf.rtapp.81043e01-cgu.0.rcgu.o:(.text._ZN96_$LT$$RF$shared_bus_rtic..CommonBus$LT$BUS$GT$$u20$as$u20$embedded_hal..blocking..i2c..Write$GT$5write17h156d6da4858cba4cE)
 8000498  8000498        0     1                 $t.4
 8000499  8000499      254     1                 _$LT$$RF$shared_bus_rtic..CommonBus$LT$BUS$GT$$u20$as$u20$embedded_hal..blocking..i2c..Write$GT$::write::h156d6da4858cba4c
 80006ec  80006ec      23c     4         C:\Users\Andrii\Documents\RUST\ST\rtapp\target\thumbv7m-none-eabi\release\deps\rtapp-b330f2a6c5cdf6bf.rtapp.81043e01-cgu.0.rcgu.o:(.text._ZN5rtapp7display7command7Command4send17h73c00dec55120748E)
 80006ec  80006ec        0     1                 $t.5
 80006ed  80006ed      23c     1                 rtapp::display::command::Command::send::h73c00dec55120748
 8000736  8000736        0     1                 $d.6
 8000752  8000752        0     1                 $t.7
 8000928  8000928      10a     4         C:\Users\Andrii\Documents\RUST\ST\rtapp\target\thumbv7m-none-eabi\release\deps\rtapp-b330f2a6c5cdf6bf.rtapp.81043e01-cgu.0.rcgu.o:(.text._ZN5rtapp7display7ssd130624Ssd1306$LT$DI$C$SIZE$GT$5clear17h00229bad237552ecE)
 8000928  8000928        0     1                 $t.8
 8000929  8000929      10a     1                 rtapp::display::ssd1306::Ssd1306$LT$DI$C$SIZE$GT$::clear::h00229bad237552ec
 800095a  800095a        0     1                 $d.9
 8000962  8000962        0     1                 $t.10
 8000a34  8000a34      d6a     4         C:\Users\Andrii\Documents\RUST\ST\rtapp\target\thumbv7m-none-eabi\release\deps\rtapp-b330f2a6c5cdf6bf.rtapp.81043e01-cgu.0.rcgu.o:(.text._ZN5rtapp7display7ssd130624Ssd1306$LT$DI$C$SIZE$GT$10write_char17h3063a5ec0cbf3b05E)
 8000a34  8000a34        0     1                 $t.11
 8000a35  8000a35      d6a     1                 rtapp::display::ssd1306::Ssd1306$LT$DI$C$SIZE$GT$::write_char::h3063a5ec0cbf3b05
 8000a4c  8000a4c        0     1                 $d.12
 8000a8e  8000a8e        0     1                 $t.13
 8001612  8001612        0     1                 $d.14
 800161a  800161a        0     1                 $t.15
 800179e  800179e        a     2         C:\Users\Andrii\Documents\RUST\ST\rtapp\target\thumbv7m-none-eabi\release\deps\rtapp-b330f2a6c5cdf6bf.rtapp.81043e01-cgu.0.rcgu.o:(.text._ZN5rtapp3app4idle17had1a2a469a477ed2E)
 800179e  800179e        0     1                 $t.16
 800179f  800179f        a     1                 rtapp::app::idle::had1a2a469a477ed2
 80017a8  80017a8       78     2         C:\Users\Andrii\Documents\RUST\ST\rtapp\target\thumbv7m-none-eabi\release\deps\rtapp-b330f2a6c5cdf6bf.rtapp.81043e01-cgu.0.rcgu.o:(.text.TIM2)
 80017a8  80017a8        0     1                 $t.17
 80017a9  80017a9       78     1                 TIM2
 8001820  8001820       26     2         C:\Users\Andrii\Documents\RUST\ST\rtapp\target\thumbv7m-none-eabi\release\deps\rtapp-b330f2a6c5cdf6bf.rtapp.81043e01-cgu.0.rcgu.o:(.text.main)
 8001820  8001820        0     1                 $t.18
 8001821  8001821       26     1                 main
 8001846  8001846      468     2         C:\Users\Andrii\Documents\RUST\ST\rtapp\target\thumbv7m-none-eabi\release\deps\rtapp-b330f2a6c5cdf6bf.rtapp.81043e01-cgu.0.rcgu.o:(.text._ZN5rtapp3app8rtic_ext4main21__rtic_init_resources17hf2b389727000acd1E)
 8001846  8001846        0     1                 $t.19
 8001847  8001847      468     1                 rtapp::app::rtic_ext::main::__rtic_init_resources::hf2b389727000acd1
 8001cae  8001cae        4     2         C:\Users\Andrii\Documents\RUST\ST\rtapp\target\thumbv7m-none-eabi\release\deps\rtapp-b330f2a6c5cdf6bf.rtapp.81043e01-cgu.0.rcgu.o:(.text._ZN4core3ops8function6FnOnce9call_once17h4e576c8f9f8ad893E)
 8001cae  8001cae        0     1                 $t.20
 8001caf  8001caf        4     1                 core::ops::function::FnOnce::call_once::h4e576c8f9f8ad893
 8001cb2  8001cb2       48     2         C:\Users\Andrii\Documents\RUST\ST\rtapp\target\thumbv7m-none-eabi\release\deps\rtapp-b330f2a6c5cdf6bf.rtapp.81043e01-cgu.0.rcgu.o:(.text.unlikely._ZN4core9panicking18panic_bounds_check17h405cc87dbcedf899E)
 8001cb2  8001cb2        0     1                 $t.21
 8001cb3  8001cb3       48     1                 core::panicking::panic_bounds_check::h405cc87dbcedf899
 8001cfa  8001cfa      282     2         C:\Users\Andrii\Documents\RUST\ST\rtapp\target\thumbv7m-none-eabi\release\deps\rtapp-b330f2a6c5cdf6bf.rtapp.81043e01-cgu.0.rcgu.o:(.text._ZN4core3fmt3num3imp52_$LT$impl$u20$core..fmt..Display$u20$for$u20$u32$GT$3fmt17hce792a08db9a686eE)
 8001cfa  8001cfa        0     1                 $t.22
 8001cfb  8001cfb      282     1                 core::fmt::num::imp::_$LT$impl$u20$core..fmt..Display$u20$for$u20$u32$GT$::fmt::hce792a08db9a686e
 8001f7c  8001f7c       26     2         C:\Users\Andrii\Documents\RUST\ST\rtapp\target\thumbv7m-none-eabi\release\deps\rtapp-b330f2a6c5cdf6bf.rtapp.81043e01-cgu.0.rcgu.o:(.text.unlikely._ZN4core9panicking9panic_fmt17haa3fa7f8a12e8582E)
 8001f7c  8001f7c        0     1                 $t.23
 8001f7d  8001f7d       26     1                 core::panicking::panic_fmt::haa3fa7f8a12e8582
 8001fa2  8001fa2        2     2         C:\Users\Andrii\Documents\RUST\ST\rtapp\target\thumbv7m-none-eabi\release\deps\rtapp-b330f2a6c5cdf6bf.rtapp.81043e01-cgu.0.rcgu.o:(.text._ZN4core3ptr102drop_in_place$LT$$RF$core..iter..adapters..copied..Copied$LT$core..slice..iter..Iter$LT$u8$GT$$GT$$GT$17h7a94946140c2e94bE)
 8001fa2  8001fa2        0     1                 $t.24
 8001fa3  8001fa3        2     1                 core::ptr::drop_in_place$LT$$RF$core..iter..adapters..copied..Copied$LT$core..slice..iter..Iter$LT$u8$GT$$GT$$GT$::h7a94946140c2e94b
 8001fa4  8001fa4       12     2         C:\Users\Andrii\Documents\RUST\ST\rtapp\target\thumbv7m-none-eabi\release\deps\rtapp-b330f2a6c5cdf6bf.rtapp.81043e01-cgu.0.rcgu.o:(.text._ZN36_$LT$T$u20$as$u20$core..any..Any$GT$7type_id17hab074aaa094b0467E)
 8001fa4  8001fa4        0     1                 $t.25
 8001fa5  8001fa5       12     1                 _$LT$T$u20$as$u20$core..any..Any$GT$::type_id::hab074aaa094b0467
 8001fb6  8001fb6       32     2         C:\Users\Andrii\Documents\RUST\ST\rtapp\target\thumbv7m-none-eabi\release\deps\rtapp-b330f2a6c5cdf6bf.rtapp.81043e01-cgu.0.rcgu.o:(.text._ZN4core3fmt9Formatter12pad_integral12write_prefix17hffa86199801e556aE)
 8001fb6  8001fb6        0     1                 $t.26
 8001fb7  8001fb7       32     1                 core::fmt::Formatter::pad_integral::write_prefix::hffa86199801e556a
 8001fe8  8001fe8       4c     2         C:\Users\Andrii\Documents\RUST\ST\rtapp\target\thumbv7m-none-eabi\release\deps\rtapp-b330f2a6c5cdf6bf.rtapp.81043e01-cgu.0.rcgu.o:(.text.unlikely._ZN4core5slice5index24slice_end_index_len_fail17h4743b677e768a08fE)
 8001fe8  8001fe8        0     1                 $t.27
 8001fe9  8001fe9       4c     1                 core::slice::index::slice_end_index_len_fail::h4743b677e768a08f
 8002034  8002034      668     2         C:\Users\Andrii\Documents\RUST\ST\rtapp\target\thumbv7m-none-eabi\release\deps\rtapp-b330f2a6c5cdf6bf.rtapp.81043e01-cgu.0.rcgu.o:(.text._ZN4core3fmt9Formatter3pad17hb1396c7b5e6a5562E)
 8002034  8002034        0     1                 $t.28
 8002035  8002035      668     1                 core::fmt::Formatter::pad::hb1396c7b5e6a5562
 800269c  800269c       30     2         C:\Users\Andrii\Documents\RUST\ST\rtapp\target\thumbv7m-none-eabi\release\deps\rtapp-b330f2a6c5cdf6bf.rtapp.81043e01-cgu.0.rcgu.o:(.text.unlikely._ZN4core9panicking5panic17hed84b1200ea4b20fE)
 800269c  800269c        0     1                 $t.29
 800269d  800269d       30     1                 core::panicking::panic::hed84b1200ea4b20f
 80026cc  80026cc        c     2         C:\Users\Andrii\Documents\RUST\ST\rtapp\target\thumbv7m-none-eabi\release\deps\rtapp-b330f2a6c5cdf6bf.rtapp.81043e01-cgu.0.rcgu.o:(.text._ZN44_$LT$$RF$T$u20$as$u20$core..fmt..Display$GT$3fmt17h19332948be8e93f2E)
 80026cc  80026cc        0     1                 $t.30
 80026cd  80026cd        c     1                 _$LT$$RF$T$u20$as$u20$core..fmt..Display$GT$::fmt::h19332948be8e93f2
 80026d8  80026d8        a     2         C:\Users\Andrii\Documents\RUST\ST\rtapp\target\thumbv7m-none-eabi\release\deps\rtapp-b330f2a6c5cdf6bf.rtapp.81043e01-cgu.0.rcgu.o:(.text._ZN42_$LT$$RF$T$u20$as$u20$core..fmt..Debug$GT$3fmt17he8107e1107f94252E)
 80026d8  80026d8        0     1                 $t.31
 80026d9  80026d9        a     1                 _$LT$$RF$T$u20$as$u20$core..fmt..Debug$GT$::fmt::he8107e1107f94252
 80026e2  80026e2      188     2         C:\Users\Andrii\Documents\RUST\ST\rtapp\target\thumbv7m-none-eabi\release\deps\rtapp-b330f2a6c5cdf6bf.rtapp.81043e01-cgu.0.rcgu.o:(.text._ZN4core3fmt5write17hac9753792f988019E)
 80026e2  80026e2        0     1                 $t.32
 80026e3  80026e3      188     1                 core::fmt::write::hac9753792f988019
 800286a  800286a       2c     2         C:\Users\Andrii\Documents\RUST\ST\rtapp\target\thumbv7m-none-eabi\release\deps\rtapp-b330f2a6c5cdf6bf.rtapp.81043e01-cgu.0.rcgu.o:(.text._ZN44_$LT$$RF$T$u20$as$u20$core..fmt..Display$GT$3fmt17h03e8891721b4e5b7E)
 800286a  800286a        0     1                 $t.33
 800286b  800286b       2c     1                 _$LT$$RF$T$u20$as$u20$core..fmt..Display$GT$::fmt::h03e8891721b4e5b7
 8002896  8002896        e     2         C:\Users\Andrii\Documents\RUST\ST\rtapp\target\thumbv7m-none-eabi\release\deps\rtapp-b330f2a6c5cdf6bf.rtapp.81043e01-cgu.0.rcgu.o:(.text._ZN44_$LT$$RF$T$u20$as$u20$core..fmt..Display$GT$3fmt17h8899a5922729cb5aE)
 8002896  8002896        0     1                 $t.34
 8002897  8002897        e     1                 _$LT$$RF$T$u20$as$u20$core..fmt..Display$GT$::fmt::h8899a5922729cb5a
 80028a4  80028a4       4a     2         C:\Users\Andrii\Documents\RUST\ST\rtapp\target\thumbv7m-none-eabi\release\deps\rtapp-b330f2a6c5cdf6bf.rtapp.81043e01-cgu.0.rcgu.o:(.text.unlikely._ZN4core6result13unwrap_failed17h7a4c04255328a40eE)
 80028a4  80028a4        0     1                 $t.35
 80028a5  80028a5       4a     1                 core::result::unwrap_failed::h7a4c04255328a40e
 80028ee  80028ee        2     2         C:\Users\Andrii\Documents\RUST\ST\rtapp\target\thumbv7m-none-eabi\release\deps\rtapp-b330f2a6c5cdf6bf.rtapp.81043e01-cgu.0.rcgu.o:(.text.DefaultHandler_)
 80028ee  80028ee        0     1                 $t.38
 80028ef  80028ef        2     1                 DefaultHandler_
 80028f0  80028f0        2     2         C:\Users\Andrii\Documents\RUST\ST\rtapp\target\thumbv7m-none-eabi\release\deps\rtapp-b330f2a6c5cdf6bf.rtapp.81043e01-cgu.0.rcgu.o:(.text.DefaultPreInit)
 80028f0  80028f0        0     1                 $t.39
 80028f1  80028f1        2     1                 DefaultPreInit
 80028f4  80028f4       8c     4         C:\Users\Andrii\Documents\RUST\ST\rtapp\target\thumbv7m-none-eabi\release\deps\rtapp-b330f2a6c5cdf6bf.rtapp.81043e01-cgu.0.rcgu.o:(.text._ZN68_$LT$display_interface..DisplayError$u20$as$u20$core..fmt..Debug$GT$3fmt17h75580c757e34cb51E)
 80028f4  80028f4        0     1                 $t.42
 80028f5  80028f5       8c     1                 _$LT$display_interface..DisplayError$u20$as$u20$core..fmt..Debug$GT$::fmt::h75580c757e34cb51
 80028fa  80028fa        0     1                 $d.43
 8002902  8002902        0     1                 $t.44
 8002980  8002980       70     2         C:\Users\Andrii\Documents\RUST\ST\rtapp\target\thumbv7m-none-eabi\release\deps\rtapp-b330f2a6c5cdf6bf.rtapp.81043e01-cgu.0.rcgu.o:(.text.rust_begin_unwind)
 8002980  8002980        0     1                 $t.45
 8002981  8002981       70     1                 rust_begin_unwind
 80029f0  80029f0       f6     2         C:\Users\Andrii\Documents\RUST\ST\rtapp\target\thumbv7m-none-eabi\release\deps\rtapp-b330f2a6c5cdf6bf.rtapp.81043e01-cgu.0.rcgu.o:(.text._ZN44_$LT$$RF$T$u20$as$u20$core..fmt..Display$GT$3fmt17hbcd20cb194511d23E)
 80029f0  80029f0        0     1                 $t.46
 80029f1  80029f1       f6     1                 _$LT$$RF$T$u20$as$u20$core..fmt..Display$GT$::fmt::hbcd20cb194511d23
 8002ae6  8002ae6       60     2         C:\Users\Andrii\Documents\RUST\ST\rtapp\target\thumbv7m-none-eabi\release\deps\rtapp-b330f2a6c5cdf6bf.rtapp.81043e01-cgu.0.rcgu.o:(.text._ZN50_$LT$$RF$mut$u20$W$u20$as$u20$core..fmt..Write$GT$9write_str17h60b693436fc2d9caE)
 8002ae6  8002ae6        0     1                 $t.47
 8002ae7  8002ae7       60     1                 _$LT$$RF$mut$u20$W$u20$as$u20$core..fmt..Write$GT$::write_str::h60b693436fc2d9ca
 8002b46  8002b46       d4     2         C:\Users\Andrii\Documents\RUST\ST\rtapp\target\thumbv7m-none-eabi\release\deps\rtapp-b330f2a6c5cdf6bf.rtapp.81043e01-cgu.0.rcgu.o:(.text._ZN50_$LT$$RF$mut$u20$W$u20$as$u20$core..fmt..Write$GT$10write_char17h9528f24e2ac8e40fE)
 8002b46  8002b46        0     1                 $t.48
 8002b47  8002b47       d4     1                 _$LT$$RF$mut$u20$W$u20$as$u20$core..fmt..Write$GT$::write_char::h9528f24e2ac8e40f
 8002c1a  8002c1a       30     2         C:\Users\Andrii\Documents\RUST\ST\rtapp\target\thumbv7m-none-eabi\release\deps\rtapp-b330f2a6c5cdf6bf.rtapp.81043e01-cgu.0.rcgu.o:(.text._ZN50_$LT$$RF$mut$u20$W$u20$as$u20$core..fmt..Write$GT$9write_fmt17hfecb094352dd1f99E)
 8002c1a  8002c1a        0     1                 $t.49
 8002c1b  8002c1b       30     1                 _$LT$$RF$mut$u20$W$u20$as$u20$core..fmt..Write$GT$::write_fmt::hfecb094352dd1f99
 8002c4a  8002c4a        4     2         C:\Users\Andrii\AppData\Local\Temp\rustchf1iQK\libcortex_m_semihosting-65d88b78e51e66fb.rlib(cortex-m-semihosting.o):(.text.__c_m_sh_syscall)
 8002c4a  8002c4a        0     1                 $t
 8002c4b  8002c4b        0     1                 __c_m_sh_syscall
 8002c4e  8002c4e        4     2         C:\Users\Andrii\AppData\Local\Temp\rustchf1iQK\libcortex_m-614249dd01867492.rlib(bin/thumbv7m-none-eabi.o):(.text.__bkpt)
 8002c4e  8002c4e        0     1                 $t.0
 8002c4f  8002c4f        4     1                 __bkpt
 8002c52  8002c52        4     2         C:\Users\Andrii\AppData\Local\Temp\rustchf1iQK\libcortex_m-614249dd01867492.rlib(bin/thumbv7m-none-eabi.o):(.text.__cpsid)
 8002c52  8002c52        0     1                 $t.3
 8002c53  8002c53        4     1                 __cpsid
 8002c56  8002c56        4     2         C:\Users\Andrii\AppData\Local\Temp\rustchf1iQK\libcortex_m-614249dd01867492.rlib(bin/thumbv7m-none-eabi.o):(.text.__cpsie)
 8002c56  8002c56        0     1                 $t.4
 8002c57  8002c57        4     1                 __cpsie
 8002c5a  8002c5a        4     2         C:\Users\Andrii\AppData\Local\Temp\rustchf1iQK\libcortex_m-614249dd01867492.rlib(bin/thumbv7m-none-eabi.o):(.text.__nop)
 8002c5a  8002c5a        0     1                 $t.11
 8002c5b  8002c5b        4     1                 __nop
 8002c5e  8002c5e        6     2         C:\Users\Andrii\AppData\Local\Temp\rustchf1iQK\libcortex_m-614249dd01867492.rlib(bin/thumbv7m-none-eabi.o):(.text.__basepri_w)
 8002c5e  8002c5e        0     1                 $t.23
 8002c5f  8002c5f        6     1                 __basepri_w
 8002c64  8002c64        4     2         C:\Users\Andrii\.rustup\toolchains\stable-x86_64-pc-windows-msvc\lib\rustlib\thumbv7m-none-eabi\lib\libcompiler_builtins-5408ce3c3ac8ee44.rlib(compiler_builtins-5408ce3c3ac8ee44.compiler_builtins.ec11b6e5-cgu.67.rcgu.o):(.text.__aeabi_memcpy)
 8002c64  8002c64        0     1                 $t.4
 8002c65  8002c65        4     1                 __aeabi_memcpy
 8002c68  8002c68       86     2         C:\Users\Andrii\.rustup\toolchains\stable-x86_64-pc-windows-msvc\lib\rustlib\thumbv7m-none-eabi\lib\libcompiler_builtins-5408ce3c3ac8ee44.rlib(compiler_builtins-5408ce3c3ac8ee44.compiler_builtins.ec11b6e5-cgu.67.rcgu.o):(.text.__aeabi_memcpy4)
 8002c68  8002c68        0     1                 $t.5
 8002c69  8002c69       86     1                 __aeabi_memcpy4
 8002cee  8002cee        a     2         C:\Users\Andrii\.rustup\toolchains\stable-x86_64-pc-windows-msvc\lib\rustlib\thumbv7m-none-eabi\lib\libcompiler_builtins-5408ce3c3ac8ee44.rlib(compiler_builtins-5408ce3c3ac8ee44.compiler_builtins.ec11b6e5-cgu.67.rcgu.o):(.text.__aeabi_memset)
 8002cee  8002cee        0     1                 $t.9
 8002cef  8002cef        a     1                 __aeabi_memset
 8002cf8  8002cf8       8c     2         C:\Users\Andrii\.rustup\toolchains\stable-x86_64-pc-windows-msvc\lib\rustlib\thumbv7m-none-eabi\lib\libcompiler_builtins-5408ce3c3ac8ee44.rlib(compiler_builtins-5408ce3c3ac8ee44.compiler_builtins.ec11b6e5-cgu.67.rcgu.o):(.text.__aeabi_memset4)
 8002cf8  8002cf8        0     1                 $t.10
 8002cf9  8002cf9       8c     1                 __aeabi_memset4
 8002d84  8002d84        6     2         C:\Users\Andrii\.rustup\toolchains\stable-x86_64-pc-windows-msvc\lib\rustlib\thumbv7m-none-eabi\lib\libcompiler_builtins-5408ce3c3ac8ee44.rlib(compiler_builtins-5408ce3c3ac8ee44.compiler_builtins.ec11b6e5-cgu.67.rcgu.o):(.text..Lanon.577df8728faad922ec5261a2950ea60b.1)
 8002d84  8002d84        0     1                 $t.13
 8002d85  8002d85        6     1                 __aeabi_memclr4
 8002d85  8002d85        6     1                 __aeabi_memclr8
 8002d8a  8002d8a       7e     2         C:\Users\Andrii\.rustup\toolchains\stable-x86_64-pc-windows-msvc\lib\rustlib\thumbv7m-none-eabi\lib\libcompiler_builtins-5408ce3c3ac8ee44.rlib(compiler_builtins-5408ce3c3ac8ee44.compiler_builtins.ec11b6e5-cgu.146.rcgu.o):(.text.memcpy)
 8002d8a  8002d8a        0     1                 $t.0
 8002d8b  8002d8b       7e     1                 memcpy
 8002e08  8002e08       56     2         C:\Users\Andrii\.rustup\toolchains\stable-x86_64-pc-windows-msvc\lib\rustlib\thumbv7m-none-eabi\lib\libcompiler_builtins-5408ce3c3ac8ee44.rlib(compiler_builtins-5408ce3c3ac8ee44.compiler_builtins.ec11b6e5-cgu.146.rcgu.o):(.text.memset)
 8002e08  8002e08        0     1                 $t.2
 8002e09  8002e09       56     1                 memset
 8002e5e  8002e5e       14     2         C:\Users\Andrii\AppData\Local\Temp\rustchf1iQK\libcortex_m_rt-21c2366d0c3e237d.rlib(cortex-m-rt.o):(.HardFaultTrampoline)
 8002e5e  8002e5e        0     1                 $t
 8002e5f  8002e5f       14     1                 HardFaultTrampoline
 8002e72  8002e72        2     2         C:\Users\Andrii\Documents\RUST\ST\rtapp\target\thumbv7m-none-eabi\release\deps\rtapp-b330f2a6c5cdf6bf.rtapp.81043e01-cgu.0.rcgu.o:(.HardFault.default)
 8002e72  8002e72        0     1                 $t.37
 8002e73  8002e73        2     1                 HardFault_
 8002e74  8002e74        0     1         . = ALIGN ( 4 )
 8002e74  8002e74        0     1         __etext = .
 8002e74  8002e74      570    16 .rodata
 8002e74  8002e74       66     1         C:\Users\Andrii\Documents\RUST\ST\rtapp\target\thumbv7m-none-eabi\release\deps\rtapp-b330f2a6c5cdf6bf.rtapp.81043e01-cgu.0.rcgu.o:(.rodata..L__unnamed_23)
 8002edc  8002edc       10     4         C:\Users\Andrii\Documents\RUST\ST\rtapp\target\thumbv7m-none-eabi\release\deps\rtapp-b330f2a6c5cdf6bf.rtapp.81043e01-cgu.0.rcgu.o:(.rodata..L__unnamed_22)
 8002edc  8002edc       10     1                 .L__unnamed_22
 8002eec  8002eec       56     1         C:\Users\Andrii\Documents\RUST\ST\rtapp\target\thumbv7m-none-eabi\release\deps\rtapp-b330f2a6c5cdf6bf.rtapp.81043e01-cgu.0.rcgu.o:(.rodata..L__unnamed_24)
 8002f44  8002f44       10     4         C:\Users\Andrii\Documents\RUST\ST\rtapp\target\thumbv7m-none-eabi\release\deps\rtapp-b330f2a6c5cdf6bf.rtapp.81043e01-cgu.0.rcgu.o:(.rodata..L__unnamed_1)
 8002f44  8002f44       10     1                 .L__unnamed_1
 8002f60  8002f60       19    16         C:\Users\Andrii\Documents\RUST\ST\rtapp\target\thumbv7m-none-eabi\release\deps\rtapp-b330f2a6c5cdf6bf.rtapp.81043e01-cgu.0.rcgu.o:(.rodata.str.0)
 8002f60  8002f60       19     1                 str.0
 8002f7c  8002f7c       10     4         C:\Users\Andrii\Documents\RUST\ST\rtapp\target\thumbv7m-none-eabi\release\deps\rtapp-b330f2a6c5cdf6bf.rtapp.81043e01-cgu.0.rcgu.o:(.rodata..L__unnamed_2)
 8002f7c  8002f7c       10     1                 .L__unnamed_2
 8002f8c  8002f8c       10     4         C:\Users\Andrii\Documents\RUST\ST\rtapp\target\thumbv7m-none-eabi\release\deps\rtapp-b330f2a6c5cdf6bf.rtapp.81043e01-cgu.0.rcgu.o:(.rodata..L__unnamed_3)
 8002f8c  8002f8c       10     1                 .L__unnamed_3
 8002f9c  8002f9c       5f     1         C:\Users\Andrii\Documents\RUST\ST\rtapp\target\thumbv7m-none-eabi\release\deps\rtapp-b330f2a6c5cdf6bf.rtapp.81043e01-cgu.0.rcgu.o:(.rodata..L__unnamed_25)
 8002ffc  8002ffc       10     4         C:\Users\Andrii\Documents\RUST\ST\rtapp\target\thumbv7m-none-eabi\release\deps\rtapp-b330f2a6c5cdf6bf.rtapp.81043e01-cgu.0.rcgu.o:(.rodata..L__unnamed_21)
 8002ffc  8002ffc       10     1                 .L__unnamed_21
 800300c  800300c        c     1         C:\Users\Andrii\Documents\RUST\ST\rtapp\target\thumbv7m-none-eabi\release\deps\rtapp-b330f2a6c5cdf6bf.rtapp.81043e01-cgu.0.rcgu.o:(.rodata..L__unnamed_6)
 800300c  800300c        c     1                 .L__unnamed_6
 8003018  8003018       60     1         C:\Users\Andrii\Documents\RUST\ST\rtapp\target\thumbv7m-none-eabi\release\deps\rtapp-b330f2a6c5cdf6bf.rtapp.81043e01-cgu.0.rcgu.o:(.rodata..L__unnamed_26)
 8003078  8003078       10     4         C:\Users\Andrii\Documents\RUST\ST\rtapp\target\thumbv7m-none-eabi\release\deps\rtapp-b330f2a6c5cdf6bf.rtapp.81043e01-cgu.0.rcgu.o:(.rodata..L__unnamed_4)
 8003078  8003078       10     1                 .L__unnamed_4
 8003088  8003088       10     4         C:\Users\Andrii\Documents\RUST\ST\rtapp\target\thumbv7m-none-eabi\release\deps\rtapp-b330f2a6c5cdf6bf.rtapp.81043e01-cgu.0.rcgu.o:(.rodata..L__unnamed_5)
 8003088  8003088       10     1                 .L__unnamed_5
 8003098  8003098       2b     1         C:\Users\Andrii\Documents\RUST\ST\rtapp\target\thumbv7m-none-eabi\release\deps\rtapp-b330f2a6c5cdf6bf.rtapp.81043e01-cgu.0.rcgu.o:(.rodata..L__unnamed_12)
 8003098  8003098       2b     1                 .L__unnamed_12
 80030c4  80030c4       10     4         C:\Users\Andrii\Documents\RUST\ST\rtapp\target\thumbv7m-none-eabi\release\deps\rtapp-b330f2a6c5cdf6bf.rtapp.81043e01-cgu.0.rcgu.o:(.rodata..L__unnamed_11)
 80030c4  80030c4       10     1                 .L__unnamed_11
 80030d4  80030d4        1     1         C:\Users\Andrii\Documents\RUST\ST\rtapp\target\thumbv7m-none-eabi\release\deps\rtapp-b330f2a6c5cdf6bf.rtapp.81043e01-cgu.0.rcgu.o:(.rodata..L__unnamed_7)
 80030d4  80030d4        1     1                 .L__unnamed_7
 80030d5  80030d5       16     1         C:\Users\Andrii\Documents\RUST\ST\rtapp\target\thumbv7m-none-eabi\release\deps\rtapp-b330f2a6c5cdf6bf.rtapp.81043e01-cgu.0.rcgu.o:(.rodata..L__unnamed_27)
 80030eb  80030eb        d     1         C:\Users\Andrii\Documents\RUST\ST\rtapp\target\thumbv7m-none-eabi\release\deps\rtapp-b330f2a6c5cdf6bf.rtapp.81043e01-cgu.0.rcgu.o:(.rodata..L__unnamed_8)
 80030eb  80030eb        d     1                 .L__unnamed_8
 80030f8  80030f8       10     4         C:\Users\Andrii\Documents\RUST\ST\rtapp\target\thumbv7m-none-eabi\release\deps\rtapp-b330f2a6c5cdf6bf.rtapp.81043e01-cgu.0.rcgu.o:(.rodata..L__unnamed_9)
 80030f8  80030f8       10     1                 .L__unnamed_9
 8003108  8003108        b     1         C:\Users\Andrii\Documents\RUST\ST\rtapp\target\thumbv7m-none-eabi\release\deps\rtapp-b330f2a6c5cdf6bf.rtapp.81043e01-cgu.0.rcgu.o:(.rodata..L__unnamed_28)
 8003114  8003114       10     4         C:\Users\Andrii\Documents\RUST\ST\rtapp\target\thumbv7m-none-eabi\release\deps\rtapp-b330f2a6c5cdf6bf.rtapp.81043e01-cgu.0.rcgu.o:(.rodata..L__unnamed_13)
 8003114  8003114       10     1                 .L__unnamed_13
 8003124  8003124       10     4         C:\Users\Andrii\Documents\RUST\ST\rtapp\target\thumbv7m-none-eabi\release\deps\rtapp-b330f2a6c5cdf6bf.rtapp.81043e01-cgu.0.rcgu.o:(.rodata..L__unnamed_14)
 8003124  8003124       10     1                 .L__unnamed_14
 8003134  8003134       10     4         C:\Users\Andrii\Documents\RUST\ST\rtapp\target\thumbv7m-none-eabi\release\deps\rtapp-b330f2a6c5cdf6bf.rtapp.81043e01-cgu.0.rcgu.o:(.rodata..L__unnamed_15)
 8003134  8003134       10     1                 .L__unnamed_15
 8003144  8003144       10     4         C:\Users\Andrii\Documents\RUST\ST\rtapp\target\thumbv7m-none-eabi\release\deps\rtapp-b330f2a6c5cdf6bf.rtapp.81043e01-cgu.0.rcgu.o:(.rodata..L__unnamed_16)
 8003144  8003144       10     1                 .L__unnamed_16
 8003154  8003154       10     4         C:\Users\Andrii\Documents\RUST\ST\rtapp\target\thumbv7m-none-eabi\release\deps\rtapp-b330f2a6c5cdf6bf.rtapp.81043e01-cgu.0.rcgu.o:(.rodata..L__unnamed_17)
 8003154  8003154       10     1                 .L__unnamed_17
 8003164  8003164       10     4         C:\Users\Andrii\Documents\RUST\ST\rtapp\target\thumbv7m-none-eabi\release\deps\rtapp-b330f2a6c5cdf6bf.rtapp.81043e01-cgu.0.rcgu.o:(.rodata..L__unnamed_18)
 8003164  8003164       10     1                 .L__unnamed_18
 8003174  8003174       10     4         C:\Users\Andrii\Documents\RUST\ST\rtapp\target\thumbv7m-none-eabi\release\deps\rtapp-b330f2a6c5cdf6bf.rtapp.81043e01-cgu.0.rcgu.o:(.rodata..L__unnamed_19)
 8003174  8003174       10     1                 .L__unnamed_19
 8003184  8003184       10     4         C:\Users\Andrii\Documents\RUST\ST\rtapp\target\thumbv7m-none-eabi\release\deps\rtapp-b330f2a6c5cdf6bf.rtapp.81043e01-cgu.0.rcgu.o:(.rodata..L__unnamed_20)
 8003184  8003184       10     1                 .L__unnamed_20
 8003194  8003194       10     4         C:\Users\Andrii\Documents\RUST\ST\rtapp\target\thumbv7m-none-eabi\release\deps\rtapp-b330f2a6c5cdf6bf.rtapp.81043e01-cgu.0.rcgu.o:(.rodata..L__unnamed_10)
 8003194  8003194       10     1                 .L__unnamed_10
 80031a4  80031a4       10     4         C:\Users\Andrii\Documents\RUST\ST\rtapp\target\thumbv7m-none-eabi\release\deps\rtapp-b330f2a6c5cdf6bf.rtapp.81043e01-cgu.0.rcgu.o:(.rodata..Lanon.56014b269f89965f8d6bd68c1ad8269b.177)
 80031a4  80031a4       10     1                 .Lanon.56014b269f89965f8d6bd68c1ad8269b.177
 80031b4  80031b4       10     4         C:\Users\Andrii\Documents\RUST\ST\rtapp\target\thumbv7m-none-eabi\release\deps\rtapp-b330f2a6c5cdf6bf.rtapp.81043e01-cgu.0.rcgu.o:(.rodata..Lanon.56014b269f89965f8d6bd68c1ad8269b.168)
 80031b4  80031b4       10     1                 .Lanon.56014b269f89965f8d6bd68c1ad8269b.168
 80031c4  80031c4       20     1         <internal>:(.rodata)
 80031e4  80031e4       12     1         C:\Users\Andrii\Documents\RUST\ST\rtapp\target\thumbv7m-none-eabi\release\deps\rtapp-b330f2a6c5cdf6bf.rtapp.81043e01-cgu.0.rcgu.o:(.rodata..Lanon.56014b269f89965f8d6bd68c1ad8269b.176)
 80031f6  80031f6       c8     1         C:\Users\Andrii\Documents\RUST\ST\rtapp\target\thumbv7m-none-eabi\release\deps\rtapp-b330f2a6c5cdf6bf.rtapp.81043e01-cgu.0.rcgu.o:(.rodata..Lanon.56014b269f89965f8d6bd68c1ad8269b.227)
 80031f6  80031f6       c8     1                 .Lanon.56014b269f89965f8d6bd68c1ad8269b.227
 80032be  80032be       22     1         C:\Users\Andrii\Documents\RUST\ST\rtapp\target\thumbv7m-none-eabi\release\deps\rtapp-b330f2a6c5cdf6bf.rtapp.81043e01-cgu.0.rcgu.o:(.rodata..Lanon.56014b269f89965f8d6bd68c1ad8269b.249)
 80032e0  80032e0       10     4         C:\Users\Andrii\Documents\RUST\ST\rtapp\target\thumbv7m-none-eabi\release\deps\rtapp-b330f2a6c5cdf6bf.rtapp.81043e01-cgu.0.rcgu.o:(.rodata..Lanon.56014b269f89965f8d6bd68c1ad8269b.252)
 80032e0  80032e0       10     1                 .Lanon.56014b269f89965f8d6bd68c1ad8269b.252
 80032f0  80032f0       20     1         <internal>:(.rodata)
 8003310  8003310        c     1         C:\Users\Andrii\Documents\RUST\ST\rtapp\target\thumbv7m-none-eabi\release\deps\rtapp-b330f2a6c5cdf6bf.rtapp.81043e01-cgu.0.rcgu.o:(.rodata..Lanon.56014b269f89965f8d6bd68c1ad8269b.169)
 8003310  8003310        c     1                 .Lanon.56014b269f89965f8d6bd68c1ad8269b.169
 800331c  800331c       10     4         C:\Users\Andrii\Documents\RUST\ST\rtapp\target\thumbv7m-none-eabi\release\deps\rtapp-b330f2a6c5cdf6bf.rtapp.81043e01-cgu.0.rcgu.o:(.rodata..Lanon.56014b269f89965f8d6bd68c1ad8269b.172)
 800331c  800331c       10     1                 .Lanon.56014b269f89965f8d6bd68c1ad8269b.172
 800332c  800332c       18     4         C:\Users\Andrii\Documents\RUST\ST\rtapp\target\thumbv7m-none-eabi\release\deps\rtapp-b330f2a6c5cdf6bf.rtapp.81043e01-cgu.0.rcgu.o:(.rodata..Lanon.56014b269f89965f8d6bd68c1ad8269b.174)
 800332c  800332c       18     1                 .Lanon.56014b269f89965f8d6bd68c1ad8269b.174
 8003344  8003344        1     1         C:\Users\Andrii\Documents\RUST\ST\rtapp\target\thumbv7m-none-eabi\release\deps\rtapp-b330f2a6c5cdf6bf.rtapp.81043e01-cgu.0.rcgu.o:(.rodata..Lanon.56014b269f89965f8d6bd68c1ad8269b.173)
 8003345  8003345        1     1         C:\Users\Andrii\Documents\RUST\ST\rtapp\target\thumbv7m-none-eabi\release\deps\rtapp-b330f2a6c5cdf6bf.rtapp.81043e01-cgu.0.rcgu.o:(.rodata..Lanon.56014b269f89965f8d6bd68c1ad8269b.170)
 8003346  8003346        3     1         C:\Users\Andrii\Documents\RUST\ST\rtapp\target\thumbv7m-none-eabi\release\deps\rtapp-b330f2a6c5cdf6bf.rtapp.81043e01-cgu.0.rcgu.o:(.rodata..Lanon.56014b269f89965f8d6bd68c1ad8269b.171)
 800334c  800334c       10     4         C:\Users\Andrii\Documents\RUST\ST\rtapp\target\thumbv7m-none-eabi\release\deps\rtapp-b330f2a6c5cdf6bf.rtapp.81043e01-cgu.0.rcgu.o:(.rodata..Lanon.56014b269f89965f8d6bd68c1ad8269b.190)
 800334c  800334c       10     1                 .Lanon.56014b269f89965f8d6bd68c1ad8269b.190
 800335c  800335c        2     1         C:\Users\Andrii\Documents\RUST\ST\rtapp\target\thumbv7m-none-eabi\release\deps\rtapp-b330f2a6c5cdf6bf.rtapp.81043e01-cgu.0.rcgu.o:(.rodata..Lanon.56014b269f89965f8d6bd68c1ad8269b.189)
 800335e  800335e        5     1         C:\Users\Andrii\Documents\RUST\ST\rtapp\target\thumbv7m-none-eabi\release\deps\rtapp-b330f2a6c5cdf6bf.rtapp.81043e01-cgu.0.rcgu.o:(.rodata..Lanon.56014b269f89965f8d6bd68c1ad8269b.237)
 800335e  800335e        5     1                 .Lanon.56014b269f89965f8d6bd68c1ad8269b.237
 8003363  8003363        8     1         <internal>:(.rodata)
 800336c  800336c        0     4         C:\Users\Andrii\Documents\RUST\ST\rtapp\target\thumbv7m-none-eabi\release\deps\rtapp-b330f2a6c5cdf6bf.rtapp.81043e01-cgu.0.rcgu.o:(.rodata.CORE_PERIPHERALS)
 800336c  800336c        0     1                 CORE_PERIPHERALS
 800336c  800336c       12     1         C:\Users\Andrii\Documents\RUST\ST\rtapp\target\thumbv7m-none-eabi\release\deps\rtapp-b330f2a6c5cdf6bf.rtapp.81043e01-cgu.0.rcgu.o:(.rodata..Lanon.94edcfb63cbb80379ed04ee66f21fbc8.6)
 800336c  800336c       12     1                 .Lanon.94edcfb63cbb80379ed04ee66f21fbc8.6
 800337e  800337e        d     1         C:\Users\Andrii\Documents\RUST\ST\rtapp\target\thumbv7m-none-eabi\release\deps\rtapp-b330f2a6c5cdf6bf.rtapp.81043e01-cgu.0.rcgu.o:(.rodata..Lanon.94edcfb63cbb80379ed04ee66f21fbc8.5)
 800337e  800337e        d     1                 .Lanon.94edcfb63cbb80379ed04ee66f21fbc8.5
 800338b  800338b        7     1         C:\Users\Andrii\Documents\RUST\ST\rtapp\target\thumbv7m-none-eabi\release\deps\rtapp-b330f2a6c5cdf6bf.rtapp.81043e01-cgu.0.rcgu.o:(.rodata..Lanon.94edcfb63cbb80379ed04ee66f21fbc8.4)
 800338b  800338b        7     1                 .Lanon.94edcfb63cbb80379ed04ee66f21fbc8.4
 8003392  8003392        7     1         C:\Users\Andrii\Documents\RUST\ST\rtapp\target\thumbv7m-none-eabi\release\deps\rtapp-b330f2a6c5cdf6bf.rtapp.81043e01-cgu.0.rcgu.o:(.rodata..Lanon.94edcfb63cbb80379ed04ee66f21fbc8.3)
 8003392  8003392        7     1                 .Lanon.94edcfb63cbb80379ed04ee66f21fbc8.3
 8003399  8003399       18     1         C:\Users\Andrii\Documents\RUST\ST\rtapp\target\thumbv7m-none-eabi\release\deps\rtapp-b330f2a6c5cdf6bf.rtapp.81043e01-cgu.0.rcgu.o:(.rodata..Lanon.94edcfb63cbb80379ed04ee66f21fbc8.2)
 8003399  8003399       18     1                 .Lanon.94edcfb63cbb80379ed04ee66f21fbc8.2
 80033b1  80033b1        7     1         C:\Users\Andrii\Documents\RUST\ST\rtapp\target\thumbv7m-none-eabi\release\deps\rtapp-b330f2a6c5cdf6bf.rtapp.81043e01-cgu.0.rcgu.o:(.rodata..Lanon.94edcfb63cbb80379ed04ee66f21fbc8.1)
 80033b1  80033b1        7     1                 .Lanon.94edcfb63cbb80379ed04ee66f21fbc8.1
 80033b8  80033b8       10     4         C:\Users\Andrii\Documents\RUST\ST\rtapp\target\thumbv7m-none-eabi\release\deps\rtapp-b330f2a6c5cdf6bf.rtapp.81043e01-cgu.0.rcgu.o:(.rodata..Lanon.86a3613c128665d32fc75176e6ae67c2.3)
 80033b8  80033b8       10     1                 .Lanon.86a3613c128665d32fc75176e6ae67c2.3
 80033c8  80033c8       18     4         C:\Users\Andrii\Documents\RUST\ST\rtapp\target\thumbv7m-none-eabi\release\deps\rtapp-b330f2a6c5cdf6bf.rtapp.81043e01-cgu.0.rcgu.o:(.rodata..Lanon.86a3613c128665d32fc75176e6ae67c2.0)
 80033c8  80033c8       18     1                 .Lanon.86a3613c128665d32fc75176e6ae67c2.0
 80033e0  80033e0        1     1         C:\Users\Andrii\Documents\RUST\ST\rtapp\target\thumbv7m-none-eabi\release\deps\rtapp-b330f2a6c5cdf6bf.rtapp.81043e01-cgu.0.rcgu.o:(.rodata..Lanon.86a3613c128665d32fc75176e6ae67c2.2)
 80033e1  80033e1        3     1         . = ALIGN ( 4 )
 80033e4  80033e4        0     1         __erodata = .
20000000 20000000        0     4 .data
20000000 20000000        0     1         . = ALIGN ( 4 )
20000000 20000000        0     1         __sdata = .
20000000 20000000        0     1         . = ALIGN ( 4 )
20000000 20000000        0     1         __edata = .
20000000 20000000        0     1 __sidata = LOADADDR ( .data )
20000000 20000000       24     4 .bss
20000000 20000000        0     1         . = ALIGN ( 4 )
20000000 20000000        0     1         __sbss = .
20000000 20000000       24     4         C:\Users\Andrii\Documents\RUST\ST\rtapp\target\thumbv7m-none-eabi\release\deps\rtapp-b330f2a6c5cdf6bf.rtapp.81043e01-cgu.0.rcgu.o:(.bss..L_MergedGlobals)
20000000 20000000       24     1                 .L_MergedGlobals
20000000 20000000        1     1                 DEVICE_PERIPHERALS
20000004 20000004       20     1                 rtapp::app::init::_MANAGER::hf23a03044edb44b0
20000024 20000024        0     1         . = ALIGN ( 4 )
20000024 20000024        0     1         __ebss = .
20000024 20000024        c     4 .uninit
20000024 20000024        0     1         . = ALIGN ( 4 )
20000024 20000024        c     4         C:\Users\Andrii\Documents\RUST\ST\rtapp\target\thumbv7m-none-eabi\release\deps\rtapp-b330f2a6c5cdf6bf.rtapp.81043e01-cgu.0.rcgu.o:(.uninit.rtic0)
20000024 20000024        c     1                 rtapp::app::__rtic_internal_shared_resource_shared_i2c_resources::hc4e52b6b158da375
20000030 20000030        0     1         . = ALIGN ( 4 )
20000030 20000030        0     1 . = ALIGN ( 4 )
20000030 20000030        0     1 __sheap = .
20000030 20000030        0     1 
20000030 20000030        0     1 
20000030 20000030        0     1 
20000030 20000030        0     1 
20000030 20000030        0     1 
20000030 20000030        0     1 
20000030 20000030        0     1 
20000030 20000030        0     1 
20000030 20000030        0     1 
20000030 20000030        0     1 
20000030 20000030        0     1 
20000030 20000030        0     1 
20000030 20000030        0     1 PROVIDE ( WWDG = DefaultHandler )
20000030 20000030        0     1 PROVIDE ( PVD = DefaultHandler )
20000030 20000030        0     1 PROVIDE ( TAMPER = DefaultHandler )
20000030 20000030        0     1 PROVIDE ( RTC = DefaultHandler )
20000030 20000030        0     1 PROVIDE ( FLASH = DefaultHandler )
20000030 20000030        0     1 PROVIDE ( RCC = DefaultHandler )
20000030 20000030        0     1 PROVIDE ( EXTI0 = DefaultHandler )
20000030 20000030        0     1 PROVIDE ( EXTI1 = DefaultHandler )
20000030 20000030        0     1 PROVIDE ( EXTI2 = DefaultHandler )
20000030 20000030        0     1 PROVIDE ( EXTI3 = DefaultHandler )
20000030 20000030        0     1 PROVIDE ( EXTI4 = DefaultHandler )
20000030 20000030        0     1 PROVIDE ( DMA1_CHANNEL1 = DefaultHandler )
20000030 20000030        0     1 PROVIDE ( DMA1_CHANNEL2 = DefaultHandler )
20000030 20000030        0     1 PROVIDE ( DMA1_CHANNEL3 = DefaultHandler )
20000030 20000030        0     1 PROVIDE ( DMA1_CHANNEL4 = DefaultHandler )
20000030 20000030        0     1 PROVIDE ( DMA1_CHANNEL5 = DefaultHandler )
20000030 20000030        0     1 PROVIDE ( DMA1_CHANNEL6 = DefaultHandler )
20000030 20000030        0     1 PROVIDE ( DMA1_CHANNEL7 = DefaultHandler )
20000030 20000030        0     1 PROVIDE ( ADC1_2 = DefaultHandler )
20000030 20000030        0     1 PROVIDE ( USB_HP_CAN_TX = DefaultHandler )
20000030 20000030        0     1 PROVIDE ( USB_LP_CAN_RX0 = DefaultHandler )
20000030 20000030        0     1 PROVIDE ( CAN_RX1 = DefaultHandler )
20000030 20000030        0     1 PROVIDE ( CAN_SCE = DefaultHandler )
20000030 20000030        0     1 PROVIDE ( EXTI9_5 = DefaultHandler )
20000030 20000030        0     1 PROVIDE ( TIM1_BRK = DefaultHandler )
20000030 20000030        0     1 PROVIDE ( TIM1_UP = DefaultHandler )
20000030 20000030        0     1 PROVIDE ( TIM1_TRG_COM = DefaultHandler )
20000030 20000030        0     1 PROVIDE ( TIM1_CC = DefaultHandler )
20000030 20000030        0     1 PROVIDE ( TIM3 = DefaultHandler )
20000030 20000030        0     1 PROVIDE ( TIM4 = DefaultHandler )
20000030 20000030        0     1 PROVIDE ( I2C1_EV = DefaultHandler )
20000030 20000030        0     1 PROVIDE ( I2C1_ER = DefaultHandler )
20000030 20000030        0     1 PROVIDE ( I2C2_EV = DefaultHandler )
20000030 20000030        0     1 PROVIDE ( I2C2_ER = DefaultHandler )
20000030 20000030        0     1 PROVIDE ( SPI1 = DefaultHandler )
20000030 20000030        0     1 PROVIDE ( SPI2 = DefaultHandler )
20000030 20000030        0     1 PROVIDE ( USART1 = DefaultHandler )
20000030 20000030        0     1 PROVIDE ( USART2 = DefaultHandler )
20000030 20000030        0     1 PROVIDE ( USART3 = DefaultHandler )
20000030 20000030        0     1 PROVIDE ( EXTI15_10 = DefaultHandler )
20000030 20000030        0     1 PROVIDE ( RTCALARM = DefaultHandler )
20000030 20000030        0     1 PROVIDE ( TIM8_BRK = DefaultHandler )
20000030 20000030        0     1 PROVIDE ( TIM8_UP = DefaultHandler )
20000030 20000030        0     1 PROVIDE ( TIM8_TRG_COM = DefaultHandler )
20000030 20000030        0     1 PROVIDE ( TIM8_CC = DefaultHandler )
20000030 20000030        0     1 PROVIDE ( ADC3 = DefaultHandler )
20000030 20000030        0     1 PROVIDE ( FSMC = DefaultHandler )
20000030 20000030        0     1 PROVIDE ( SDIO = DefaultHandler )
20000030 20000030        0     1 PROVIDE ( TIM5 = DefaultHandler )
20000030 20000030        0     1 PROVIDE ( SPI3 = DefaultHandler )
20000030 20000030        0     1 PROVIDE ( UART4 = DefaultHandler )
20000030 20000030        0     1 PROVIDE ( UART5 = DefaultHandler )
20000030 20000030        0     1 PROVIDE ( TIM6 = DefaultHandler )
20000030 20000030        0     1 PROVIDE ( TIM7 = DefaultHandler )
20000030 20000030        0     1 PROVIDE ( DMA2_CHANNEL1 = DefaultHandler )
20000030 20000030        0     1 PROVIDE ( DMA2_CHANNEL2 = DefaultHandler )
20000030 20000030        0     1 PROVIDE ( DMA2_CHANNEL3 = DefaultHandler )
20000030 20000030        0     1 PROVIDE ( DMA2_CHANNEL4_5 = DefaultHandler )
20000030 20000030        0     1 
       0        0      666     1 .debug_abbrev
       0        0      17c     1         C:\Users\Andrii\Documents\RUST\ST\rtapp\target\thumbv7m-none-eabi\release\deps\rtapp-b330f2a6c5cdf6bf.rtapp.81043e01-cgu.0.rcgu.o:(.debug_abbrev)
     17c      17c      19b     1         C:\Users\Andrii\AppData\Local\Temp\rustchf1iQK\libcortex_m-614249dd01867492.rlib(bin/thumbv7m-none-eabi.o):(.debug_abbrev)
     317      317       62     1         C:\Users\Andrii\.rustup\toolchains\stable-x86_64-pc-windows-msvc\lib\rustlib\thumbv7m-none-eabi\lib\libcompiler_builtins-5408ce3c3ac8ee44.rlib(compiler_builtins-5408ce3c3ac8ee44.compiler_builtins.ec11b6e5-cgu.67.rcgu.o):(.debug_abbrev)
     379      379       d7     1         C:\Users\Andrii\.rustup\toolchains\stable-x86_64-pc-windows-msvc\lib\rustlib\thumbv7m-none-eabi\lib\libcompiler_builtins-5408ce3c3ac8ee44.rlib(compiler_builtins-5408ce3c3ac8ee44.compiler_builtins.ec11b6e5-cgu.146.rcgu.o):(.debug_abbrev)
     450      450       53     1         C:\Users\Andrii\.rustup\toolchains\stable-x86_64-pc-windows-msvc\lib\rustlib\thumbv7m-none-eabi\lib\libcompiler_builtins-5408ce3c3ac8ee44.rlib(compiler_builtins-5408ce3c3ac8ee44.compiler_builtins.ec11b6e5-cgu.69.rcgu.o):(.debug_abbrev)
     4a3      4a3       93     1         C:\Users\Andrii\.rustup\toolchains\stable-x86_64-pc-windows-msvc\lib\rustlib\thumbv7m-none-eabi\lib\libcompiler_builtins-5408ce3c3ac8ee44.rlib(compiler_builtins-5408ce3c3ac8ee44.compiler_builtins.ec11b6e5-cgu.73.rcgu.o):(.debug_abbrev)
     536      536       80     1         C:\Users\Andrii\.rustup\toolchains\stable-x86_64-pc-windows-msvc\lib\rustlib\thumbv7m-none-eabi\lib\libcompiler_builtins-5408ce3c3ac8ee44.rlib(compiler_builtins-5408ce3c3ac8ee44.compiler_builtins.ec11b6e5-cgu.81.rcgu.o):(.debug_abbrev)
     5b6      5b6       14     1         C:\Users\Andrii\.rustup\toolchains\stable-x86_64-pc-windows-msvc\lib\rustlib\thumbv7m-none-eabi\lib\libcompiler_builtins-5408ce3c3ac8ee44.rlib(divsi3.o):(.debug_abbrev)
     5ca      5ca       14     1         C:\Users\Andrii\.rustup\toolchains\stable-x86_64-pc-windows-msvc\lib\rustlib\thumbv7m-none-eabi\lib\libcompiler_builtins-5408ce3c3ac8ee44.rlib(udivmodsi4.o):(.debug_abbrev)
     5de      5de       88     1         C:\Users\Andrii\.rustup\toolchains\stable-x86_64-pc-windows-msvc\lib\rustlib\thumbv7m-none-eabi\lib\libcompiler_builtins-5408ce3c3ac8ee44.rlib(aeabi_div0.o):(.debug_abbrev)
       0        0     2535     1 .debug_info
       0        0      fc3     1         C:\Users\Andrii\Documents\RUST\ST\rtapp\target\thumbv7m-none-eabi\release\deps\rtapp-b330f2a6c5cdf6bf.rtapp.81043e01-cgu.0.rcgu.o:(.debug_info)
     fc3      fc3      94b     1         C:\Users\Andrii\AppData\Local\Temp\rustchf1iQK\libcortex_m-614249dd01867492.rlib(bin/thumbv7m-none-eabi.o):(.debug_info)
    190e     190e      16b     1         C:\Users\Andrii\.rustup\toolchains\stable-x86_64-pc-windows-msvc\lib\rustlib\thumbv7m-none-eabi\lib\libcompiler_builtins-5408ce3c3ac8ee44.rlib(compiler_builtins-5408ce3c3ac8ee44.compiler_builtins.ec11b6e5-cgu.67.rcgu.o):(.debug_info)
    1a79     1a79      478     1         C:\Users\Andrii\.rustup\toolchains\stable-x86_64-pc-windows-msvc\lib\rustlib\thumbv7m-none-eabi\lib\libcompiler_builtins-5408ce3c3ac8ee44.rlib(compiler_builtins-5408ce3c3ac8ee44.compiler_builtins.ec11b6e5-cgu.146.rcgu.o):(.debug_info)
    1ef1     1ef1       70     1         C:\Users\Andrii\.rustup\toolchains\stable-x86_64-pc-windows-msvc\lib\rustlib\thumbv7m-none-eabi\lib\libcompiler_builtins-5408ce3c3ac8ee44.rlib(compiler_builtins-5408ce3c3ac8ee44.compiler_builtins.ec11b6e5-cgu.69.rcgu.o):(.debug_info)
    1f61     1f61      100     1         C:\Users\Andrii\.rustup\toolchains\stable-x86_64-pc-windows-msvc\lib\rustlib\thumbv7m-none-eabi\lib\libcompiler_builtins-5408ce3c3ac8ee44.rlib(compiler_builtins-5408ce3c3ac8ee44.compiler_builtins.ec11b6e5-cgu.73.rcgu.o):(.debug_info)
    2061     2061      393     1         C:\Users\Andrii\.rustup\toolchains\stable-x86_64-pc-windows-msvc\lib\rustlib\thumbv7m-none-eabi\lib\libcompiler_builtins-5408ce3c3ac8ee44.rlib(compiler_builtins-5408ce3c3ac8ee44.compiler_builtins.ec11b6e5-cgu.81.rcgu.o):(.debug_info)
    23f4     23f4       26     1         C:\Users\Andrii\.rustup\toolchains\stable-x86_64-pc-windows-msvc\lib\rustlib\thumbv7m-none-eabi\lib\libcompiler_builtins-5408ce3c3ac8ee44.rlib(divsi3.o):(.debug_info)
    241a     241a       26     1         C:\Users\Andrii\.rustup\toolchains\stable-x86_64-pc-windows-msvc\lib\rustlib\thumbv7m-none-eabi\lib\libcompiler_builtins-5408ce3c3ac8ee44.rlib(udivmodsi4.o):(.debug_info)
    2440     2440       f5     1         C:\Users\Andrii\.rustup\toolchains\stable-x86_64-pc-windows-msvc\lib\rustlib\thumbv7m-none-eabi\lib\libcompiler_builtins-5408ce3c3ac8ee44.rlib(aeabi_div0.o):(.debug_info)
       0        0      368     8 .debug_aranges
       0        0       98     1         C:\Users\Andrii\Documents\RUST\ST\rtapp\target\thumbv7m-none-eabi\release\deps\rtapp-b330f2a6c5cdf6bf.rtapp.81043e01-cgu.0.rcgu.o:(.debug_aranges)
      98       98       f0     1         C:\Users\Andrii\AppData\Local\Temp\rustchf1iQK\libcortex_m-614249dd01867492.rlib(bin/thumbv7m-none-eabi.o):(.debug_aranges)
     188      188       88     1         C:\Users\Andrii\.rustup\toolchains\stable-x86_64-pc-windows-msvc\lib\rustlib\thumbv7m-none-eabi\lib\libcompiler_builtins-5408ce3c3ac8ee44.rlib(compiler_builtins-5408ce3c3ac8ee44.compiler_builtins.ec11b6e5-cgu.67.rcgu.o):(.debug_aranges)
     210      210       88     1         C:\Users\Andrii\.rustup\toolchains\stable-x86_64-pc-windows-msvc\lib\rustlib\thumbv7m-none-eabi\lib\libcompiler_builtins-5408ce3c3ac8ee44.rlib(compiler_builtins-5408ce3c3ac8ee44.compiler_builtins.ec11b6e5-cgu.146.rcgu.o):(.debug_aranges)
     298      298       20     1         C:\Users\Andrii\.rustup\toolchains\stable-x86_64-pc-windows-msvc\lib\rustlib\thumbv7m-none-eabi\lib\libcompiler_builtins-5408ce3c3ac8ee44.rlib(compiler_builtins-5408ce3c3ac8ee44.compiler_builtins.ec11b6e5-cgu.69.rcgu.o):(.debug_aranges)
     2b8      2b8       20     1         C:\Users\Andrii\.rustup\toolchains\stable-x86_64-pc-windows-msvc\lib\rustlib\thumbv7m-none-eabi\lib\libcompiler_builtins-5408ce3c3ac8ee44.rlib(compiler_builtins-5408ce3c3ac8ee44.compiler_builtins.ec11b6e5-cgu.73.rcgu.o):(.debug_aranges)
     2d8      2d8       28     1         C:\Users\Andrii\.rustup\toolchains\stable-x86_64-pc-windows-msvc\lib\rustlib\thumbv7m-none-eabi\lib\libcompiler_builtins-5408ce3c3ac8ee44.rlib(compiler_builtins-5408ce3c3ac8ee44.compiler_builtins.ec11b6e5-cgu.81.rcgu.o):(.debug_aranges)
     300      300       20     8         C:\Users\Andrii\.rustup\toolchains\stable-x86_64-pc-windows-msvc\lib\rustlib\thumbv7m-none-eabi\lib\libcompiler_builtins-5408ce3c3ac8ee44.rlib(divsi3.o):(.debug_aranges)
     320      320       20     8         C:\Users\Andrii\.rustup\toolchains\stable-x86_64-pc-windows-msvc\lib\rustlib\thumbv7m-none-eabi\lib\libcompiler_builtins-5408ce3c3ac8ee44.rlib(udivmodsi4.o):(.debug_aranges)
     340      340       28     1         C:\Users\Andrii\.rustup\toolchains\stable-x86_64-pc-windows-msvc\lib\rustlib\thumbv7m-none-eabi\lib\libcompiler_builtins-5408ce3c3ac8ee44.rlib(aeabi_div0.o):(.debug_aranges)
       0        0     1648     1 .debug_ranges
       0        0     1100     1         C:\Users\Andrii\Documents\RUST\ST\rtapp\target\thumbv7m-none-eabi\release\deps\rtapp-b330f2a6c5cdf6bf.rtapp.81043e01-cgu.0.rcgu.o:(.debug_ranges)
    1100     1100       e0     1         C:\Users\Andrii\AppData\Local\Temp\rustchf1iQK\libcortex_m-614249dd01867492.rlib(bin/thumbv7m-none-eabi.o):(.debug_ranges)
    11e0     11e0       c0     1         C:\Users\Andrii\.rustup\toolchains\stable-x86_64-pc-windows-msvc\lib\rustlib\thumbv7m-none-eabi\lib\libcompiler_builtins-5408ce3c3ac8ee44.rlib(compiler_builtins-5408ce3c3ac8ee44.compiler_builtins.ec11b6e5-cgu.67.rcgu.o):(.debug_ranges)
    12a0     12a0      258     1         C:\Users\Andrii\.rustup\toolchains\stable-x86_64-pc-windows-msvc\lib\rustlib\thumbv7m-none-eabi\lib\libcompiler_builtins-5408ce3c3ac8ee44.rlib(compiler_builtins-5408ce3c3ac8ee44.compiler_builtins.ec11b6e5-cgu.146.rcgu.o):(.debug_ranges)
    14f8     14f8       18     1         C:\Users\Andrii\.rustup\toolchains\stable-x86_64-pc-windows-msvc\lib\rustlib\thumbv7m-none-eabi\lib\libcompiler_builtins-5408ce3c3ac8ee44.rlib(compiler_builtins-5408ce3c3ac8ee44.compiler_builtins.ec11b6e5-cgu.73.rcgu.o):(.debug_ranges)
    1510     1510      120     1         C:\Users\Andrii\.rustup\toolchains\stable-x86_64-pc-windows-msvc\lib\rustlib\thumbv7m-none-eabi\lib\libcompiler_builtins-5408ce3c3ac8ee44.rlib(compiler_builtins-5408ce3c3ac8ee44.compiler_builtins.ec11b6e5-cgu.81.rcgu.o):(.debug_ranges)
    1630     1630       18     1         C:\Users\Andrii\.rustup\toolchains\stable-x86_64-pc-windows-msvc\lib\rustlib\thumbv7m-none-eabi\lib\libcompiler_builtins-5408ce3c3ac8ee44.rlib(aeabi_div0.o):(.debug_ranges)
       0        0     47f0     1 .debug_str
       0        0     47f0     1         <internal>:(.debug_str)
       0        0     194a     1 .debug_pubnames
       0        0      ee2     1         C:\Users\Andrii\Documents\RUST\ST\rtapp\target\thumbv7m-none-eabi\release\deps\rtapp-b330f2a6c5cdf6bf.rtapp.81043e01-cgu.0.rcgu.o:(.debug_pubnames)
     ee2      ee2      25d     1         C:\Users\Andrii\AppData\Local\Temp\rustchf1iQK\libcortex_m-614249dd01867492.rlib(bin/thumbv7m-none-eabi.o):(.debug_pubnames)
    113f     113f      182     1         C:\Users\Andrii\.rustup\toolchains\stable-x86_64-pc-windows-msvc\lib\rustlib\thumbv7m-none-eabi\lib\libcompiler_builtins-5408ce3c3ac8ee44.rlib(compiler_builtins-5408ce3c3ac8ee44.compiler_builtins.ec11b6e5-cgu.67.rcgu.o):(.debug_pubnames)
    12c1     12c1      45e     1         C:\Users\Andrii\.rustup\toolchains\stable-x86_64-pc-windows-msvc\lib\rustlib\thumbv7m-none-eabi\lib\libcompiler_builtins-5408ce3c3ac8ee44.rlib(compiler_builtins-5408ce3c3ac8ee44.compiler_builtins.ec11b6e5-cgu.146.rcgu.o):(.debug_pubnames)
    171f     171f       4a     1         C:\Users\Andrii\.rustup\toolchains\stable-x86_64-pc-windows-msvc\lib\rustlib\thumbv7m-none-eabi\lib\libcompiler_builtins-5408ce3c3ac8ee44.rlib(compiler_builtins-5408ce3c3ac8ee44.compiler_builtins.ec11b6e5-cgu.69.rcgu.o):(.debug_pubnames)
    1769     1769       a6     1         C:\Users\Andrii\.rustup\toolchains\stable-x86_64-pc-windows-msvc\lib\rustlib\thumbv7m-none-eabi\lib\libcompiler_builtins-5408ce3c3ac8ee44.rlib(compiler_builtins-5408ce3c3ac8ee44.compiler_builtins.ec11b6e5-cgu.73.rcgu.o):(.debug_pubnames)
    180f     180f      13b     1         C:\Users\Andrii\.rustup\toolchains\stable-x86_64-pc-windows-msvc\lib\rustlib\thumbv7m-none-eabi\lib\libcompiler_builtins-5408ce3c3ac8ee44.rlib(compiler_builtins-5408ce3c3ac8ee44.compiler_builtins.ec11b6e5-cgu.81.rcgu.o):(.debug_pubnames)
       0        0       b3     1 .debug_pubtypes
       0        0       12     1         C:\Users\Andrii\Documents\RUST\ST\rtapp\target\thumbv7m-none-eabi\release\deps\rtapp-b330f2a6c5cdf6bf.rtapp.81043e01-cgu.0.rcgu.o:(.debug_pubtypes)
      12       12       47     1         C:\Users\Andrii\AppData\Local\Temp\rustchf1iQK\libcortex_m-614249dd01867492.rlib(bin/thumbv7m-none-eabi.o):(.debug_pubtypes)
      59       59       12     1         C:\Users\Andrii\.rustup\toolchains\stable-x86_64-pc-windows-msvc\lib\rustlib\thumbv7m-none-eabi\lib\libcompiler_builtins-5408ce3c3ac8ee44.rlib(compiler_builtins-5408ce3c3ac8ee44.compiler_builtins.ec11b6e5-cgu.67.rcgu.o):(.debug_pubtypes)
      6b       6b       12     1         C:\Users\Andrii\.rustup\toolchains\stable-x86_64-pc-windows-msvc\lib\rustlib\thumbv7m-none-eabi\lib\libcompiler_builtins-5408ce3c3ac8ee44.rlib(compiler_builtins-5408ce3c3ac8ee44.compiler_builtins.ec11b6e5-cgu.146.rcgu.o):(.debug_pubtypes)
      7d       7d       12     1         C:\Users\Andrii\.rustup\toolchains\stable-x86_64-pc-windows-msvc\lib\rustlib\thumbv7m-none-eabi\lib\libcompiler_builtins-5408ce3c3ac8ee44.rlib(compiler_builtins-5408ce3c3ac8ee44.compiler_builtins.ec11b6e5-cgu.69.rcgu.o):(.debug_pubtypes)
      8f       8f       12     1         C:\Users\Andrii\.rustup\toolchains\stable-x86_64-pc-windows-msvc\lib\rustlib\thumbv7m-none-eabi\lib\libcompiler_builtins-5408ce3c3ac8ee44.rlib(compiler_builtins-5408ce3c3ac8ee44.compiler_builtins.ec11b6e5-cgu.73.rcgu.o):(.debug_pubtypes)
      a1       a1       12     1         C:\Users\Andrii\.rustup\toolchains\stable-x86_64-pc-windows-msvc\lib\rustlib\thumbv7m-none-eabi\lib\libcompiler_builtins-5408ce3c3ac8ee44.rlib(compiler_builtins-5408ce3c3ac8ee44.compiler_builtins.ec11b6e5-cgu.81.rcgu.o):(.debug_pubtypes)
       0        0       32     1 .ARM.attributes
       0        0       32     1         C:\Users\Andrii\Documents\RUST\ST\rtapp\target\thumbv7m-none-eabi\release\deps\rtapp-b330f2a6c5cdf6bf.rtapp.81043e01-cgu.0.rcgu.o:(.ARM.attributes)
       0        0      ab0     4 .debug_frame
       0        0      49c     4         C:\Users\Andrii\Documents\RUST\ST\rtapp\target\thumbv7m-none-eabi\release\deps\rtapp-b330f2a6c5cdf6bf.rtapp.81043e01-cgu.0.rcgu.o:(.debug_frame)
     49c      49c       30     4         C:\Users\Andrii\AppData\Local\Temp\rustchf1iQK\libcortex_m_rt-21c2366d0c3e237d.rlib(cortex-m-rt.o):(.debug_frame)
     4cc      4cc      1c4     4         C:\Users\Andrii\AppData\Local\Temp\rustchf1iQK\libcortex_m-614249dd01867492.rlib(bin/thumbv7m-none-eabi.o):(.debug_frame)
     690      690      114     4         C:\Users\Andrii\.rustup\toolchains\stable-x86_64-pc-windows-msvc\lib\rustlib\thumbv7m-none-eabi\lib\libcompiler_builtins-5408ce3c3ac8ee44.rlib(compiler_builtins-5408ce3c3ac8ee44.compiler_builtins.ec11b6e5-cgu.67.rcgu.o):(.debug_frame)
     7a4      7a4      1ec     4         C:\Users\Andrii\.rustup\toolchains\stable-x86_64-pc-windows-msvc\lib\rustlib\thumbv7m-none-eabi\lib\libcompiler_builtins-5408ce3c3ac8ee44.rlib(compiler_builtins-5408ce3c3ac8ee44.compiler_builtins.ec11b6e5-cgu.146.rcgu.o):(.debug_frame)
     990      990       30     4         C:\Users\Andrii\.rustup\toolchains\stable-x86_64-pc-windows-msvc\lib\rustlib\thumbv7m-none-eabi\lib\libcompiler_builtins-5408ce3c3ac8ee44.rlib(compiler_builtins-5408ce3c3ac8ee44.compiler_builtins.ec11b6e5-cgu.69.rcgu.o):(.debug_frame)
     9c0      9c0       34     4         C:\Users\Andrii\.rustup\toolchains\stable-x86_64-pc-windows-msvc\lib\rustlib\thumbv7m-none-eabi\lib\libcompiler_builtins-5408ce3c3ac8ee44.rlib(compiler_builtins-5408ce3c3ac8ee44.compiler_builtins.ec11b6e5-cgu.73.rcgu.o):(.debug_frame)
     9f4      9f4       6c     4         C:\Users\Andrii\.rustup\toolchains\stable-x86_64-pc-windows-msvc\lib\rustlib\thumbv7m-none-eabi\lib\libcompiler_builtins-5408ce3c3ac8ee44.rlib(compiler_builtins-5408ce3c3ac8ee44.compiler_builtins.ec11b6e5-cgu.81.rcgu.o):(.debug_frame)
     a60      a60       50     4         C:\Users\Andrii\.rustup\toolchains\stable-x86_64-pc-windows-msvc\lib\rustlib\thumbv7m-none-eabi\lib\libcompiler_builtins-5408ce3c3ac8ee44.rlib(aeabi_div0.o):(.debug_frame)
       0        0     2cea     1 .debug_line
       0        0     1151     1         C:\Users\Andrii\Documents\RUST\ST\rtapp\target\thumbv7m-none-eabi\release\deps\rtapp-b330f2a6c5cdf6bf.rtapp.81043e01-cgu.0.rcgu.o:(.debug_line)
    1151     1151      42b     1         C:\Users\Andrii\AppData\Local\Temp\rustchf1iQK\libcortex_m-614249dd01867492.rlib(bin/thumbv7m-none-eabi.o):(.debug_line)
    157c     157c      2e4     1         C:\Users\Andrii\.rustup\toolchains\stable-x86_64-pc-windows-msvc\lib\rustlib\thumbv7m-none-eabi\lib\libcompiler_builtins-5408ce3c3ac8ee44.rlib(compiler_builtins-5408ce3c3ac8ee44.compiler_builtins.ec11b6e5-cgu.67.rcgu.o):(.debug_line)
    1860     1860      a43     1         C:\Users\Andrii\.rustup\toolchains\stable-x86_64-pc-windows-msvc\lib\rustlib\thumbv7m-none-eabi\lib\libcompiler_builtins-5408ce3c3ac8ee44.rlib(compiler_builtins-5408ce3c3ac8ee44.compiler_builtins.ec11b6e5-cgu.146.rcgu.o):(.debug_line)
    22a3     22a3       fb     1         C:\Users\Andrii\.rustup\toolchains\stable-x86_64-pc-windows-msvc\lib\rustlib\thumbv7m-none-eabi\lib\libcompiler_builtins-5408ce3c3ac8ee44.rlib(compiler_builtins-5408ce3c3ac8ee44.compiler_builtins.ec11b6e5-cgu.69.rcgu.o):(.debug_line)
    239e     239e      188     1         C:\Users\Andrii\.rustup\toolchains\stable-x86_64-pc-windows-msvc\lib\rustlib\thumbv7m-none-eabi\lib\libcompiler_builtins-5408ce3c3ac8ee44.rlib(compiler_builtins-5408ce3c3ac8ee44.compiler_builtins.ec11b6e5-cgu.73.rcgu.o):(.debug_line)
    2526     2526      635     1         C:\Users\Andrii\.rustup\toolchains\stable-x86_64-pc-windows-msvc\lib\rustlib\thumbv7m-none-eabi\lib\libcompiler_builtins-5408ce3c3ac8ee44.rlib(compiler_builtins-5408ce3c3ac8ee44.compiler_builtins.ec11b6e5-cgu.81.rcgu.o):(.debug_line)
    2b5b     2b5b       75     1         C:\Users\Andrii\.rustup\toolchains\stable-x86_64-pc-windows-msvc\lib\rustlib\thumbv7m-none-eabi\lib\libcompiler_builtins-5408ce3c3ac8ee44.rlib(divsi3.o):(.debug_line)
    2bd0     2bd0       7f     1         C:\Users\Andrii\.rustup\toolchains\stable-x86_64-pc-windows-msvc\lib\rustlib\thumbv7m-none-eabi\lib\libcompiler_builtins-5408ce3c3ac8ee44.rlib(udivmodsi4.o):(.debug_line)
    2c4f     2c4f       9b     1         C:\Users\Andrii\.rustup\toolchains\stable-x86_64-pc-windows-msvc\lib\rustlib\thumbv7m-none-eabi\lib\libcompiler_builtins-5408ce3c3ac8ee44.rlib(aeabi_div0.o):(.debug_line)
       0        0      17e     1 .debug_loc
       0        0      17e     1         C:\Users\Andrii\AppData\Local\Temp\rustchf1iQK\libcortex_m-614249dd01867492.rlib(bin/thumbv7m-none-eabi.o):(.debug_loc)
       0        0       6d     1 .comment
       0        0       6d     1         <internal>:(.comment)
       0        0      fd0     4 .symtab
       0        0      fd0     4         <internal>:(.symtab)
       0        0       e9     1 .shstrtab
       0        0       e9     1         <internal>:(.shstrtab)
       0        0     13f1     1 .strtab
       0        0     13f1     1         <internal>:(.strtab)
